// Jest Snapshot v1, https://goo.gl/fbAQLP

exports[`Component Button test should render correctly 1`] = `
<button
  className="button"
  onClick={[Function]}
  type="button"
>
  button test
</button>
`;
